
Efinix Static Timing Analysis Report
Version: 2021.1.165 
Date: Thu Oct 14 00:40:40 2021

Copyright (C) 2013 - 2021 Efinix Inc. All rights reserved.
 
Top-level Entity Name: level

SDC Filename: /home/vlad/Documents/level_project/original_design/constraint.sdc

Timing Model: C2
	temperature : 0C to 85C
	voltage : 1.1V +/-50mV
	speedgrade : 2
	technology : s40ll
	status : final

---------- Table of Contents (begin) ----------
   1. Clock Frequency Summary 
   2. Clock Relationship Summary 
   3. Path Details for Max Critical Paths 
   4. Path Details for Min Critical Paths 
---------- Table of Contents (end) ------------

---------- 1. Clock Frequency Summary (begin) ----------

User target constrained clocks
Clock Name      Period (ns)   Frequency (MHz)   Waveform   Source Clock Name
clk                20.000          50.000         {0.000 5.000}        clk

Maximum possible analyzed clocks frequency
Clock Name      Period (ns)   Frequency (MHz)   Edge
clk                16.756          59.679     (R-R)

Geomean max period: 16.756

---------- Clock Frequency Summary (end) ---------------

---------- 2. Clock Relationship Summary (begin) ----------

Launch Clock    Capture Clock    Constraint (ns)   Slack (ns)    Edge
clk              clk                  20.000         3.244     (R-R)

NOTE: Values are in nanoseconds.

---------- Clock Relationship Summary (end) ---------------

---------- 3. Path Details for Max Critical Paths (begin) ----------


######################################################################
Path Detail Report (clk vs clk)
######################################################################


++++ Path 1 ++++++++++++++++++++++++++++++++++++++++++++++++++++++++++

Path Begin    : u_i2c_interface/u_i2c_controller_2e835ddf2f154dd587bb395c6ea8daac/genblk1.master_ctl_inst/current_st[1]~FF|CLK
Path End      : u_i2c_interface/u_i2c_controller_2e835ddf2f154dd587bb395c6ea8daac/genblk1.master_ctl_inst/MBCR[2]~FF|CE
Launch Clock  : clk (RISE)
Capture Clock : clk (RISE)
Slack         : 3.244  (required time - arrival time)
Delay         : 15.473

Logic Level : 4
Non-global nets on path : 5
Global nets on path     : 0

Launch Clock Path Delay        : 4.757
+ Clock To Q + Data Path Delay : 16.616
--------------------------------------------
End-of-path arrival time       : 21.373

Constraint                     : 20.000
+ Capture Clock Path Delay     : 4.757
- Clock Uncertainty            : 0.140
--------------------------------------------
End-of-path required time      : 24.617


Launch Clock Path
pin name                                                                                                          model name    delay (ns)   cumulative delay (ns)    pins on net   location
=============================================================================================================================================================================================
 clk                                                                                                               inpad           0.000                  0.000           2          (0,83)
 clk                                                                                                               inpad           0.420                  0.420           2          (0,83)
 clk                                                                                                               io              0.000                  0.420           2          (0,83)
   Routing elements:  
     Manhattan distance of X:1, Y:0
 CLKBUF__0|IO_in                                                                                                   gbuf_block      1.019                  1.439           2          (1,83)
 CLKBUF__0|I                                                                                                       gbuf            3.318                  4.757           2          (1,83)
 CLKBUF__0|O                                                                                                       gbuf            0.000                  4.757         194          (1,83)
 CLKBUF__0|clkout                                                                                                  gbuf_block      0.000                  4.757         194          (1,83)
 u_i2c_interface/u_i2c_controller_2e835ddf2f154dd587bb395c6ea8daac/genblk1.master_ctl_inst/current_st[1]~FF|CLK    ff              0.000                  4.757         194          (53,104)

Data Path
pin name                                                                                                            model name    delay (ns)   cumulative delay (ns)    pins on net   location
===============================================================================================================================================================================================
 u_i2c_interface/u_i2c_controller_2e835ddf2f154dd587bb395c6ea8daac/genblk1.master_ctl_inst/current_st[1]~FF|Q        ff               0.650                  0.650          24          (53,104)
 u_i2c_interface/u_i2c_controller_2e835ddf2f154dd587bb395c6ea8daac/genblk1.master_ctl_inst/current_st[1]~FF|O_seq    eft              2.503                  3.153          24          (53,104)
   Routing elements:  
     Manhattan distance of X:22, Y:0
 LUT__958|I[1]                                                                                                       eft              0.533                  3.685          24          (31,104)
 LUT__958|in[1]                                                                                                      lut              0.000                  3.686          24          (31,104)
 LUT__958|out                                                                                                        lut              0.000                  3.686           3          (31,104)
 LUT__958|O                                                                                                          eft              2.751                  6.437           3          (31,104)
   Routing elements:  
     Manhattan distance of X:20, Y:11
 u_i2c_interface/u_i2c_controller_2e835ddf2f154dd587bb395c6ea8daac/genblk1.master_ctl_inst/MBCR[2]~FF|I[2]           eft              0.400                  6.836           3          (51,93)
 LUT__966|in[2]                                                                                                      lut              0.000                  6.837           3          (51,93)
 LUT__966|out                                                                                                        lut              0.000                  6.837           4          (51,93)
 u_i2c_interface/u_i2c_controller_2e835ddf2f154dd587bb395c6ea8daac/genblk1.master_ctl_inst/MBCR[2]~FF|O              eft              2.544                  9.381           3          (51,93)
   Routing elements:  
     Manhattan distance of X:1, Y:9
 LUT__971|I[2]                                                                                                       efl              0.396                  9.776           4          (52,102)
 LUT__971|in[2]                                                                                                      lut              0.000                  9.776           4          (52,102)
 LUT__971|out                                                                                                        lut              0.000                  9.776           5          (52,102)
 LUT__971|O                                                                                                          efl              1.031                 10.807           5          (52,102)
   Routing elements:  
     Manhattan distance of X:1, Y:0
 LUT__972|I[0]                                                                                                       eft              0.642                 11.449           5          (51,102)
 LUT__972|in[0]                                                                                                      lut              0.000                 11.449           5          (51,102)
 LUT__972|out                                                                                                        lut              0.000                 11.449           5          (51,102)
 LUT__972|O                                                                                                          eft              4.675                 16.123           5          (51,102)
   Routing elements:   feedthru(1)
     Manhattan distance of X:0, Y:9
 u_i2c_interface/u_i2c_controller_2e835ddf2f154dd587bb395c6ea8daac/genblk1.master_ctl_inst/MBCR[2]~FF|CE             ff               0.493                 16.616           5          (51,93)

Capture Clock Path
pin name                                                                                                    model name    delay (ns)   cumulative delay (ns)    pins on net   location
=======================================================================================================================================================================================
 clk                                                                                                         inpad           0.000                  0.000           2          (0,83)
 clk                                                                                                         inpad           0.420                  0.420           2          (0,83)
 clk                                                                                                         io              0.000                  0.420           2          (0,83)
   Routing elements:  
     Manhattan distance of X:1, Y:0
 CLKBUF__0|IO_in                                                                                             gbuf_block      1.019                  1.439           2          (1,83)
 CLKBUF__0|I                                                                                                 gbuf            3.318                  4.757           2          (1,83)
 CLKBUF__0|O                                                                                                 gbuf            0.000                  4.757         194          (1,83)
 CLKBUF__0|clkout                                                                                            gbuf_block      0.000                  4.757         194          (1,83)
 u_i2c_interface/u_i2c_controller_2e835ddf2f154dd587bb395c6ea8daac/genblk1.master_ctl_inst/MBCR[2]~FF|CLK    ff              0.000                  4.757         194          (51,93)

---------- Path Details for Max Critical Paths (end) ---------------

---------- 4. Path Details for Min Critical Paths (begin) ----------


######################################################################
Path Detail Report (clk vs clk)
######################################################################


++++ Path 1 ++++++++++++++++++++++++++++++++++++++++++++++++++++++++++

Path Begin    : u_i2c_interface/u_i2c_controller_2e835ddf2f154dd587bb395c6ea8daac/genblk1.master_ctl_inst/u_i2c_mstrslv_ctl/sda_spike_cnt[0]~FF|CLK
Path End      : u_i2c_interface/u_i2c_controller_2e835ddf2f154dd587bb395c6ea8daac/genblk1.master_ctl_inst/u_i2c_mstrslv_ctl/sda_spike_cnt[1]~FF|D
Launch Clock  : clk (RISE)
Capture Clock : clk (RISE)
Slack         : 0.643  (arrival time - required time)
Delay         : 0.461

Logic Level : 1
Non-global nets on path : 1
Global nets on path     : 0

Launch Clock Path Delay        : 1.699
+ Clock To Q + Data Path Delay : 0.693
--------------------------------------------
End-of-path arrival time       : 2.392

Constraint                     : 0.000
+ Capture Clock Path Delay     : 1.699
+ Clock Uncertainty            : 0.050
--------------------------------------------
End-of-path required time      : 1.749


Launch Clock Path
pin name                                                                                                                               model name    delay (ns)   cumulative delay (ns)    pins on net   location
==================================================================================================================================================================================================================
 clk                                                                                                                                    inpad           0.000                  0.000           2          (0,83)
 clk                                                                                                                                    inpad           0.150                  0.150           2          (0,83)
 clk                                                                                                                                    io              0.000                  0.150           2          (0,83)
   Routing elements:  
     Manhattan distance of X:1, Y:0
 CLKBUF__0|IO_in                                                                                                                        gbuf_block      0.364                  0.514           2          (1,83)
 CLKBUF__0|I                                                                                                                            gbuf            1.185                  1.699           2          (1,83)
 CLKBUF__0|O                                                                                                                            gbuf            0.000                  1.699         194          (1,83)
 CLKBUF__0|clkout                                                                                                                       gbuf_block      0.000                  1.699         194          (1,83)
 u_i2c_interface/u_i2c_controller_2e835ddf2f154dd587bb395c6ea8daac/genblk1.master_ctl_inst/u_i2c_mstrslv_ctl/sda_spike_cnt[0]~FF|CLK    ff              0.000                  1.699         194          (49,60)

Data Path
pin name                                                                                                                                 model name    delay (ns)   cumulative delay (ns)    pins on net   location
====================================================================================================================================================================================================================
 u_i2c_interface/u_i2c_controller_2e835ddf2f154dd587bb395c6ea8daac/genblk1.master_ctl_inst/u_i2c_mstrslv_ctl/sda_spike_cnt[0]~FF|Q        ff               0.232                  0.232           3          (49,60)
 u_i2c_interface/u_i2c_controller_2e835ddf2f154dd587bb395c6ea8daac/genblk1.master_ctl_inst/u_i2c_mstrslv_ctl/sda_spike_cnt[0]~FF|O_seq    eft              0.368                  0.600           3          (49,60)
   Routing elements:  
     Manhattan distance of X:0, Y:1
 u_i2c_interface/u_i2c_controller_2e835ddf2f154dd587bb395c6ea8daac/genblk1.master_ctl_inst/u_i2c_mstrslv_ctl/sda_spike_cnt[1]~FF|I[3]     eft              0.093                  0.693           3          (49,59)
 LUT__878|in[3]                                                                                                                           lut              0.000                  0.693           3          (49,59)
 LUT__878|out                                                                                                                             lut              0.000                  0.693           2          (49,59)

Capture Clock Path
pin name                                                                                                                               model name    delay (ns)   cumulative delay (ns)    pins on net   location
==================================================================================================================================================================================================================
 clk                                                                                                                                    inpad           0.000                  0.000           2          (0,83)
 clk                                                                                                                                    inpad           0.150                  0.150           2          (0,83)
 clk                                                                                                                                    io              0.000                  0.150           2          (0,83)
   Routing elements:  
     Manhattan distance of X:1, Y:0
 CLKBUF__0|IO_in                                                                                                                        gbuf_block      0.364                  0.514           2          (1,83)
 CLKBUF__0|I                                                                                                                            gbuf            1.185                  1.699           2          (1,83)
 CLKBUF__0|O                                                                                                                            gbuf            0.000                  1.699         194          (1,83)
 CLKBUF__0|clkout                                                                                                                       gbuf_block      0.000                  1.699         194          (1,83)
 u_i2c_interface/u_i2c_controller_2e835ddf2f154dd587bb395c6ea8daac/genblk1.master_ctl_inst/u_i2c_mstrslv_ctl/sda_spike_cnt[1]~FF|CLK    ff              0.000                  1.699         194          (49,59)

---------- Path Details for Min Critical Paths (end) ---------------
